###############################################################################
#                                                                             #
# IAR ELF Linker V1.30.1.50036 for STM8                 22/Apr/2016  14:21:38 #
# Copyright 2010-2011 IAR Systems AB.                                         #
#                                                                             #
#    Output file  =  E:\XieG\STM8\ENCODER-IAR\STM8S-IAR\Project\Debug\Exe\DEM #
#                    O.out                                                    #
#    Map file     =  E:\XieG\STM8\ENCODER-IAR\STM8S-IAR\Project\Debug\List\DE #
#                    MO.map                                                   #
#    Command line =  E:\XieG\STM8\ENCODER-IAR\STM8S-IAR\Project\Debug\Obj\ILI #
#                    9163.o E:\XieG\STM8\ENCODER-IAR\STM8S-IAR\Project\Debug\ #
#                    Obj\ILI9163CHN.o E:\XieG\STM8\ENCODER-IAR\STM8S-IAR\Proj #
#                    ect\Debug\Obj\SGP18T_ILI9163B_ascii.o                    #
#                    E:\XieG\STM8\ENCODER-IAR\STM8S-IAR\Project\Debug\Obj\SGP #
#                    18T_ILI9163B_figure.o E:\XieG\STM8\ENCODER-IAR\STM8S-IAR #
#                    \Project\Debug\Obj\encoder.o                             #
#                    E:\XieG\STM8\ENCODER-IAR\STM8S-IAR\Project\Debug\Obj\mai #
#                    n.o E:\XieG\STM8\ENCODER-IAR\STM8S-IAR\Project\Debug\Obj #
#                    \stm8s_adc1.o E:\XieG\STM8\ENCODER-IAR\STM8S-IAR\Project #
#                    \Debug\Obj\stm8s_awu.o E:\XieG\STM8\ENCODER-IAR\STM8S-IA #
#                    R\Project\Debug\Obj\stm8s_beep.o                         #
#                    E:\XieG\STM8\ENCODER-IAR\STM8S-IAR\Project\Debug\Obj\stm #
#                    8s_clk.o E:\XieG\STM8\ENCODER-IAR\STM8S-IAR\Project\Debu #
#                    g\Obj\stm8s_exti.o E:\XieG\STM8\ENCODER-IAR\STM8S-IAR\Pr #
#                    oject\Debug\Obj\stm8s_flash.o                            #
#                    E:\XieG\STM8\ENCODER-IAR\STM8S-IAR\Project\Debug\Obj\stm #
#                    8s_gpio.o E:\XieG\STM8\ENCODER-IAR\STM8S-IAR\Project\Deb #
#                    ug\Obj\stm8s_i2c.o E:\XieG\STM8\ENCODER-IAR\STM8S-IAR\Pr #
#                    oject\Debug\Obj\stm8s_itc.o                              #
#                    E:\XieG\STM8\ENCODER-IAR\STM8S-IAR\Project\Debug\Obj\stm #
#                    8s_iwdg.o E:\XieG\STM8\ENCODER-IAR\STM8S-IAR\Project\Deb #
#                    ug\Obj\stm8s_rst.o E:\XieG\STM8\ENCODER-IAR\STM8S-IAR\Pr #
#                    oject\Debug\Obj\stm8s_spi.o                              #
#                    E:\XieG\STM8\ENCODER-IAR\STM8S-IAR\Project\Debug\Obj\stm #
#                    8s_tim1.o E:\XieG\STM8\ENCODER-IAR\STM8S-IAR\Project\Deb #
#                    ug\Obj\stm8s_tim2.o E:\XieG\STM8\ENCODER-IAR\STM8S-IAR\P #
#                    roject\Debug\Obj\stm8s_tim3.o                            #
#                    E:\XieG\STM8\ENCODER-IAR\STM8S-IAR\Project\Debug\Obj\stm #
#                    8s_tim4.o E:\XieG\STM8\ENCODER-IAR\STM8S-IAR\Project\Deb #
#                    ug\Obj\stm8s_uart2.o E:\XieG\STM8\ENCODER-IAR\STM8S-IAR\ #
#                    Project\Debug\Obj\stm8s_wwdg.o --redirect                #
#                    _Printf=_PrintfSmall --redirect _Scanf=_ScanfSmall -o    #
#                    E:\XieG\STM8\ENCODER-IAR\STM8S-IAR\Project\Debug\Exe\DEM #
#                    O.out --map E:\XieG\STM8\ENCODER-IAR\STM8S-IAR\Project\D #
#                    ebug\List\DEMO.map --config "C:\Program Files (x86)\IAR  #
#                    Systems\Embedded Workbench 6.0                           #
#                    Evaluation\stm8\config\lnkstm8s103k3.icf" --config_def   #
#                    _CSTACK_SIZE=0x100 --config_def _HEAP_SIZE=0x100         #
#                    --entry __iar_program_start --debug_lib                  #
#                                                                             #
#                                                                             #
###############################################################################

*******************************************************************************
*** RUNTIME MODEL ATTRIBUTES
***

__SystemLibrary            = DLib
__code_model               = small
__core                     = stm8
__data_model               = medium
__dlib_file_descriptor     = 0
__dlib_full_locale_support = 0
__rt_version               = 4


*******************************************************************************
*** PLACEMENT SUMMARY
***

"A1":  place at start of [0x000000-0x0000ff] { rw section .vregs };
"A2":  place at end of [0x000000-0x0003ff] { block CSTACK };
"P2":  place in [from 0x000000 to 0x0003ff] {
          block HEAP, rw section .far.bss, rw section .far.data,
          rw section .far.noinit, rw section .far_func.textrw,
          rw section .huge.bss, rw section .huge.data, rw section .huge.noinit,
          rw section .huge_func.textrw, rw section .iar.dynexit,
          rw section .near.bss, rw section .near.data, rw section .near.noinit,
          rw section .near_func.textrw };
"A3":  place at start of [0x008000-0x009fff] { block INTVEC };
"P3":  place in [from 0x008000 to 0x009fff] {
          ro section .far.data_init, ro section .far_func.textrw_init,
          ro section .huge.data_init, ro section .huge_func.textrw_init,
          ro section .iar.init_table, ro section .init_array,
          ro section .near.data_init, ro section .near.rodata,
          ro section .near_func.text, ro section .near_func.textrw_init,
          ro section .tiny.data_init, ro section .tiny.rodata_init };

  Section            Kind      Address   Size  Object
  -------            ----      -------   ----  ------
"A1":                                    0x10
  .vregs             uninit   0x000000   0x10  vregs.o [4]
                            - 0x000010   0x10

"P2":                                     0x2
  P2 s0                       0x000010    0x2  <Init block>
    .near.data       inited   0x000010    0x2  encoder.o [1]
                            - 0x000012    0x2

"A2":                                   0x100
  CSTACK                      0x000300  0x100  <Block>
    CSTACK           uninit   0x000300  0x100  <Block tail>
                            - 0x000400  0x100

"A3":                                    0x80
  INTVEC                      0x008000   0x80  <Block>
    .intvec          const    0x008000   0x80  interrupt.o [4]
                            - 0x008080   0x80

"P3":                                   0xd65
  .near.rodata       const    0x008080  0x5f0  SGP18T_ILI9163B_ascii.o [1]
  .near_func.text    ro code  0x008670  0x24c  ILI9163.o [1]
  .near_func.text    ro code  0x0088bc   0xae  stm8s_gpio.o [1]
  .near_func.text    ro code  0x00896a   0xa4  SGP18T_ILI9163B_ascii.o [1]
  .near_func.text    ro code  0x008a0e   0x9c  main.o [1]
  .near_func.text    ro code  0x008aaa   0x98  vreg_util.o [4]
  .near_func.text    ro code  0x008b42   0x8b  main.o [1]
  .near_func.text    ro code  0x008bcd   0x6d  stm8s_exti.o [1]
  .near_func.text    ro code  0x008c3a   0x3f  encoder.o [1]
  .near_func.text    ro code  0x008c79   0x37  SGP18T_ILI9163B_figure.o [1]
  .near_func.text    ro code  0x008cb0   0x30  ILI9163.o [1]
  .near_func.text    ro code  0x008ce0   0x28  init_small.o [4]
  .near_func.text    ro code  0x008d08   0x26  short.o [4]
  .near_func.text    ro code  0x008d2e   0x21  encoder.o [1]
  .near_func.text    ro code  0x008d4f    0x5  cexit.o [4]
  .iar.init_table    const    0x008d54    0xa  - Linker created -
  .near_func.text    ro code  0x008d5e   0x17  ILI9163.o [1]
  .near_func.text    ro code  0x008d75   0x17  init.o [4]
  .near_func.text    ro code  0x008d8c   0x14  __dbg_xxexit.o [3]
  .near_func.text    ro code  0x008da0   0x13  stm8s_clk.o [1]
  .near_func.text    ro code  0x008db3   0x13  cstartup.o [4]
  .near_func.text    ro code  0x008dc6    0x6  char.o [4]
  .near_func.text    ro code  0x008dcc    0x4  main.o [1]
  .near_func.text    ro code  0x008dd0    0x3  stm8s_gpio.o [1]
  .near_func.text    ro code  0x008dd3    0x3  stm8s_gpio.o [1]
  .near_func.text    ro code  0x008dd6    0x3  interrupt.o [4]
  .near_func.text    ro code  0x008dd9    0x3  low_level_init.o [4]
  .near_func.text    ro code  0x008ddc    0x3  exit.o [4]
  .near_func.text    ro code  0x008ddf    0x3  unhandled_exception.o [4]
  .near_func.text    ro code  0x008de2    0x1  __dbg_break.o [3]
  Initializer bytes  ro data  0x008de3    0x2  <for P2 s0>
                            - 0x008de5  0xd65


*******************************************************************************
*** INIT TABLE
***

          Address   Size
          -------   ----
Copy (__iar_copy_init2)
    1 source range, total size 0x2:
          0x008de3   0x2
    1 destination range, total size 0x2:
          0x000010   0x2


*******************************************************************************
*** MODULE SUMMARY
***

    Module                    ro code  ro data  rw data
    ------                    -------  -------  -------
E:\XieG\STM8\ENCODER-IAR\STM8S-IAR\Project\Debug\Obj: [1]
    ILI9163.o                     659
    SGP18T_ILI9163B_ascii.o       164    1 520
    SGP18T_ILI9163B_figure.o       55
    encoder.o                      96        2        2
    main.o                        299
    stm8s_clk.o                    19
    stm8s_exti.o                  109
    stm8s_gpio.o                  180
    ---------------------------------------------------
    Total:                      1 581    1 522        2

command line: [2]
    ---------------------------------------------------
    Total:

dbgstm8smd.a: [3]
    __dbg_break.o                   1
    __dbg_xxexit.o                 20
    ---------------------------------------------------
    Total:                         21

dlstm8smn.a: [4]
    cexit.o                         5
    char.o                          6
    cstartup.o                     19
    exit.o                          3
    init.o                         23
    init_small.o                   40
    interrupt.o                     3      128
    low_level_init.o                3
    short.o                        38
    unhandled_exception.o           3
    vreg_util.o                   152
    vregs.o                                          16
    ---------------------------------------------------
    Total:                        295      128       16

    Linker created                          10      256
-------------------------------------------------------
    Grand Total:                1 897    1 660      274


*******************************************************************************
*** ENTRY LIST
***

Entry                    Address   Size  Type      Object
-----                    -------   ----  ----      ------
?b0                     0x000000         Data  Gb  vregs.o [4]
?b1                     0x000001         Data  Gb  vregs.o [4]
?b10                    0x00000a         Data  Gb  vregs.o [4]
?b11                    0x00000b         Data  Gb  vregs.o [4]
?b12                    0x00000c         Data  Gb  vregs.o [4]
?b13                    0x00000d         Data  Gb  vregs.o [4]
?b14                    0x00000e         Data  Gb  vregs.o [4]
?b15                    0x00000f         Data  Gb  vregs.o [4]
?b2                     0x000002         Data  Gb  vregs.o [4]
?b3                     0x000003         Data  Gb  vregs.o [4]
?b4                     0x000004         Data  Gb  vregs.o [4]
?b5                     0x000005         Data  Gb  vregs.o [4]
?b6                     0x000006         Data  Gb  vregs.o [4]
?b7                     0x000007         Data  Gb  vregs.o [4]
?b8                     0x000008         Data  Gb  vregs.o [4]
?b9                     0x000009         Data  Gb  vregs.o [4]
?e0                     0x000001         Data  Gb  vregs.o [4]
?e1                     0x000005         Data  Gb  vregs.o [4]
?e2                     0x000009         Data  Gb  vregs.o [4]
?e3                     0x00000d         Data  Gb  vregs.o [4]
?epilogue_l2            0x008b37         Code  Gb  vreg_util.o [4]
?epilogue_l2_w6         0x008b3b         Code  Gb  vreg_util.o [4]
?l0                     0x000000         Data  Gb  vregs.o [4]
?l1                     0x000004         Data  Gb  vregs.o [4]
?l2                     0x000008         Data  Gb  vregs.o [4]
?l3                     0x00000c         Data  Gb  vregs.o [4]
?mul16_x_x_w0           0x008d08         Code  Gb  short.o [4]
?pop_l0                 0x008b0e         Code  Gb  vreg_util.o [4]
?pop_l1                 0x008b19         Code  Gb  vreg_util.o [4]
?pop_l2                 0x008b24         Code  Gb  vreg_util.o [4]
?pop_w6                 0x008acc         Code  Gb  vreg_util.o [4]
?pop_w7                 0x008ad3         Code  Gb  vreg_util.o [4]
?push_l0                0x008ae2         Code  Gb  vreg_util.o [4]
?push_l1                0x008ae7         Code  Gb  vreg_util.o [4]
?push_l2                0x008aec         Code  Gb  vreg_util.o [4]
?push_w4                0x008aaa         Code  Gb  vreg_util.o [4]
?push_w6                0x008aaf         Code  Gb  vreg_util.o [4]
?push_w7                0x008ab4         Code  Gb  vreg_util.o [4]
?sll16_x_x_a            0x008d26         Code  Gb  short.o [4]
?sll8_a_a_5             0x008dc7         Code  Gb  char.o [4]
?sll8_a_a_6             0x008dc6         Code  Gb  char.o [4]
?w0                     0x000000         Data  Gb  vregs.o [4]
?w1                     0x000002         Data  Gb  vregs.o [4]
?w2                     0x000004         Data  Gb  vregs.o [4]
?w3                     0x000006         Data  Gb  vregs.o [4]
?w4                     0x000008         Data  Gb  vregs.o [4]
?w5                     0x00000a         Data  Gb  vregs.o [4]
?w6                     0x00000c         Data  Gb  vregs.o [4]
?w7                     0x00000e         Data  Gb  vregs.o [4]
CLK_HSIPrescalerConfig  0x008da0   0x13  Code  Gb  stm8s_clk.o [1]
CLK_Init                0x008dcc    0x4  Code  Gb  main.o [1]
CSTACK$$Base            0x000300          --   Gb  - Linker created -
CSTACK$$Limit           0x000400          --   Gb  - Linker created -
EXTI_PORTB_IRQHandler   0x008c3a   0x3f  Code  Gb  encoder.o [1]
EXTI_SetExtIntSensitivity
                        0x008bcd   0x6d  Code  Gb  stm8s_exti.o [1]
Font_code16             0x008080  0x5f0  Data  Gb  SGP18T_ILI9163B_ascii.o [1]
GPIO_Init               0x0088bc   0xae  Code  Gb  stm8s_gpio.o [1]
GPIO_ReadInputPin       0x008dd3    0x3  Code  Gb  stm8s_gpio.o [1]
GPIO_WriteHigh          0x008dd0    0x3  Code  Gb  stm8s_gpio.o [1]
ILI9163B_SetPos         0x0086d1   0x38  Code  Gb  ILI9163.o [1]
ILI9163B_address_rst    0x0086a0   0x31  Code  Gb  ILI9163.o [1]
ILI9163B_display_full   0x008c79   0x37  Code  Gb  SGP18T_ILI9163B_figure.o [1]
ILI9163B_init           0x008765  0x157  Code  Gb  ILI9163.o [1]
ILI9163B_write_command  0x008670   0x30  Code  Gb  ILI9163.o [1]
ILI9163B_write_para16   0x008709   0x5c  Code  Gb  ILI9163.o [1]
ILI9163B_write_para8    0x008cb0   0x30  Code  Gb  ILI9163.o [1]
ILI9163_GPIO_init       0x008a0e   0x9c  Code  Gb  main.o [1]
INTVEC$$Base            0x008000          --   Gb  - Linker created -
INTVEC$$Limit           0x008080          --   Gb  - Linker created -
LCD_printc16            0x00896a   0xa4  Code  Gb  SGP18T_ILI9163B_ascii.o [1]
MY_EXTI_Config          0x008d2e   0x21  Code  Gb  encoder.o [1]
Region$$Table$$Base     0x008d54          --   Gb  - Linker created -
Region$$Table$$Limit    0x008d5e          --   Gb  - Linker created -
__DebugBreak            0x008de2    0x1  Code  Gb  __dbg_break.o [3]
__exit                  0x008d8c   0x14  Code  Gb  __dbg_xxexit.o [3]
__iar_copy_init2        0x008ce0         Code  Gb  init_small.o [4]
__iar_data_init2        0x008d75   0x17  Code  Gb  init.o [4]
__iar_program_start     0x008db3         Code  Gb  cstartup.o [4]
__iar_unhandled_exception
                        0x008ddf         Code  Gb  unhandled_exception.o [4]
__intvec                0x008000         Data  Gb  interrupt.o [4]
__low_level_init        0x008dd9    0x3  Code  Gb  low_level_init.o [4]
_exit                   0x008d4f         Code  Gb  cexit.o [4]
_interrupt_1            0x008dd6         Code  Wk  interrupt.o [4]
_interrupt_10           0x008dd6         Code  Wk  interrupt.o [4]
_interrupt_11           0x008dd6         Code  Wk  interrupt.o [4]
_interrupt_12           0x008dd6         Code  Wk  interrupt.o [4]
_interrupt_13           0x008dd6         Code  Wk  interrupt.o [4]
_interrupt_14           0x008dd6         Code  Wk  interrupt.o [4]
_interrupt_15           0x008dd6         Code  Wk  interrupt.o [4]
_interrupt_16           0x008dd6         Code  Wk  interrupt.o [4]
_interrupt_17           0x008dd6         Code  Wk  interrupt.o [4]
_interrupt_18           0x008dd6         Code  Wk  interrupt.o [4]
_interrupt_19           0x008dd6         Code  Wk  interrupt.o [4]
_interrupt_2            0x008dd6         Code  Wk  interrupt.o [4]
_interrupt_20           0x008dd6         Code  Wk  interrupt.o [4]
_interrupt_21           0x008dd6         Code  Wk  interrupt.o [4]
_interrupt_22           0x008dd6         Code  Wk  interrupt.o [4]
_interrupt_23           0x008dd6         Code  Wk  interrupt.o [4]
_interrupt_24           0x008dd6         Code  Wk  interrupt.o [4]
_interrupt_25           0x008dd6         Code  Wk  interrupt.o [4]
_interrupt_26           0x008dd6         Code  Wk  interrupt.o [4]
_interrupt_27           0x008dd6         Code  Wk  interrupt.o [4]
_interrupt_28           0x008dd6         Code  Wk  interrupt.o [4]
_interrupt_29           0x008dd6         Code  Wk  interrupt.o [4]
_interrupt_3            0x008dd6         Code  Wk  interrupt.o [4]
_interrupt_30           0x008dd6         Code  Wk  interrupt.o [4]
_interrupt_31           0x008dd6         Code  Wk  interrupt.o [4]
_interrupt_4            0x008dd6         Code  Wk  interrupt.o [4]
_interrupt_5            0x008dd6         Code  Wk  interrupt.o [4]
_interrupt_6            0x008c3a         Code  Gb  encoder.o [1]
_interrupt_7            0x008dd6         Code  Wk  interrupt.o [4]
_interrupt_8            0x008dd6         Code  Wk  interrupt.o [4]
_interrupt_9            0x008dd6         Code  Wk  interrupt.o [4]
count                   0x000010    0x2  Data  Gb  encoder.o [1]
delay                   0x008d5e   0x17  Code  Gb  ILI9163.o [1]
exit                    0x008ddc    0x3  Code  Gb  exit.o [4]
main                    0x008b42   0x8b  Code  Gb  main.o [1]


[1] = E:\XieG\STM8\ENCODER-IAR\STM8S-IAR\Project\Debug\Obj
[2] = command line
[3] = dbgstm8smd.a
[4] = dlstm8smn.a

  1 897 bytes of readonly  code memory
  1 660 bytes of readonly  data memory
    274 bytes of readwrite data memory

Errors: none
Warnings: none
